// Vitest Snapshot v1, https://vitest.dev/guide/snapshot.html

exports[`guided sleeve system > matches a stable golden metric set 1`] = `
{
  "areaMm2": 81919.9,
  "compatibility": {
    "backArmholeMm": 227,
    "backCapMm": 233.8,
    "backDifferenceMm": 6.8,
    "configuredEaseMm": 11.7,
    "diagnostics": [],
    "easePercent": 2.5,
    "frontArmholeMm": 239,
    "frontCapMm": 243.9,
    "frontDifferenceMm": 4.9,
    "landmarkPairs": [
      {
        "bodyArcPosition": 1,
        "bodyConnectorRole": "frontArmhole",
        "bodyPieceId": "bodice-block-front",
        "id": "front-underarm",
        "kind": "underarm",
        "label": "Axila frontal",
        "sleeveArcPosition": 0,
        "sleeveConnectorRole": "sleeveCapFront",
      },
      {
        "bodyArcPosition": 0.482783,
        "bodyConnectorRole": "frontArmhole",
        "bodyPieceId": "bodice-block-front",
        "id": "front-notch",
        "kind": "notch",
        "label": "Pique frontal",
        "sleeveArcPosition": 0.651639,
        "sleeveConnectorRole": "sleeveCapFront",
      },
      {
        "bodyArcPosition": 0,
        "bodyConnectorRole": "frontArmhole",
        "bodyPieceId": "bodice-block-front",
        "id": "shoulder-front",
        "kind": "shoulder",
        "label": "Ombro frontal ↔ ápice",
        "sleeveArcPosition": 1,
        "sleeveConnectorRole": "sleeveCapFront",
      },
      {
        "bodyArcPosition": 0,
        "bodyConnectorRole": "backArmhole",
        "bodyPieceId": "bodice-block-back",
        "id": "shoulder-back",
        "kind": "shoulder",
        "label": "Ombro traseiro ↔ ápice",
        "sleeveArcPosition": 0,
        "sleeveConnectorRole": "sleeveCapBack",
      },
      {
        "bodyArcPosition": 0.34013,
        "bodyConnectorRole": "backArmhole",
        "bodyPieceId": "bodice-block-back",
        "id": "back-notch-1",
        "kind": "notch",
        "label": "Primeiro pique traseiro",
        "sleeveArcPosition": 0.278619,
        "sleeveConnectorRole": "sleeveCapBack",
      },
      {
        "bodyArcPosition": 0.610937,
        "bodyConnectorRole": "backArmhole",
        "bodyPieceId": "bodice-block-back",
        "id": "back-notch-2",
        "kind": "notch",
        "label": "Segundo pique traseiro",
        "sleeveArcPosition": 0.652593,
        "sleeveConnectorRole": "sleeveCapBack",
      },
      {
        "bodyArcPosition": 1,
        "bodyConnectorRole": "backArmhole",
        "bodyPieceId": "bodice-block-back",
        "id": "back-underarm",
        "kind": "underarm",
        "label": "Axila traseira",
        "sleeveArcPosition": 1,
        "sleeveConnectorRole": "sleeveCapBack",
      },
    ],
    "status": "compatible",
    "tolerances": {
      "arcSolveToleranceMm": 0.35,
      "errorMaximumEaseMm": 28,
      "minimumEaseMm": -2,
      "sideDifferenceWarningMm": 10,
      "warningMaximumEaseMm": 18,
    },
    "totalArmholeMm": 466,
    "totalCapMm": 477.7,
    "totalDifferenceMm": 11.7,
  },
  "perimeterMm": 1409.1,
  "points": [
    [
      0,
      175.3,
    ],
    [
      4.9,
      44.5,
    ],
    [
      75.9,
      0,
    ],
    [
      130.3,
      34.2,
    ],
    [
      179,
      105.7,
    ],
    [
      151.8,
      175.3,
    ],
    [
      128.6,
      588,
    ],
    [
      23.3,
      588,
    ],
  ],
  "version": "guided-sleeve@1",
}
`;
