// Vitest Snapshot v1, https://vitest.dev/guide/snapshot.html

exports[`guided sleeve system > matches a stable golden metric set 1`] = `
{
  "areaMm2": 79287.7,
  "compatibility": {
    "backArmholeMm": 188.2,
    "backCapMm": 193.6,
    "backDifferenceMm": 5.4,
    "configuredEaseMm": 9.4,
    "diagnostics": [],
    "easePercent": 2.5,
    "frontArmholeMm": 186.9,
    "frontCapMm": 190.9,
    "frontDifferenceMm": 4,
    "landmarkPairs": [
      {
        "bodyArcPosition": 1,
        "bodyConnectorRole": "frontArmhole",
        "bodyPieceId": "bodice-block-front",
        "id": "front-underarm",
        "kind": "underarm",
        "label": "Axila frontal",
        "sleeveArcPosition": 0,
        "sleeveConnectorRole": "sleeveCapFront",
      },
      {
        "bodyArcPosition": 0.513476,
        "bodyConnectorRole": "frontArmhole",
        "bodyPieceId": "bodice-block-front",
        "id": "front-notch",
        "kind": "notch",
        "label": "Pique frontal",
        "sleeveArcPosition": 0.573019,
        "sleeveConnectorRole": "sleeveCapFront",
      },
      {
        "bodyArcPosition": 0,
        "bodyConnectorRole": "frontArmhole",
        "bodyPieceId": "bodice-block-front",
        "id": "shoulder-front",
        "kind": "shoulder",
        "label": "Ombro frontal ↔ ápice",
        "sleeveArcPosition": 1,
        "sleeveConnectorRole": "sleeveCapFront",
      },
      {
        "bodyArcPosition": 0,
        "bodyConnectorRole": "backArmhole",
        "bodyPieceId": "bodice-block-back",
        "id": "shoulder-back",
        "kind": "shoulder",
        "label": "Ombro traseiro ↔ ápice",
        "sleeveArcPosition": 0,
        "sleeveConnectorRole": "sleeveCapBack",
      },
      {
        "bodyArcPosition": 0.313384,
        "bodyConnectorRole": "backArmhole",
        "bodyPieceId": "bodice-block-back",
        "id": "back-notch-1",
        "kind": "notch",
        "label": "Primeiro pique traseiro",
        "sleeveArcPosition": 0.364523,
        "sleeveConnectorRole": "sleeveCapBack",
      },
      {
        "bodyArcPosition": 0.584915,
        "bodyConnectorRole": "backArmhole",
        "bodyPieceId": "bodice-block-back",
        "id": "back-notch-2",
        "kind": "notch",
        "label": "Segundo pique traseiro",
        "sleeveArcPosition": 0.654358,
        "sleeveConnectorRole": "sleeveCapBack",
      },
      {
        "bodyArcPosition": 1,
        "bodyConnectorRole": "backArmhole",
        "bodyPieceId": "bodice-block-back",
        "id": "back-underarm",
        "kind": "underarm",
        "label": "Axila traseira",
        "sleeveArcPosition": 1,
        "sleeveConnectorRole": "sleeveCapBack",
      },
    ],
    "status": "compatible",
    "tolerances": {
      "arcSolveToleranceMm": 0.35,
      "errorMaximumEaseMm": 26.3,
      "minimumEaseMm": -2,
      "sideDifferenceWarningMm": 8.3,
      "warningMaximumEaseMm": 16.9,
    },
    "totalArmholeMm": 375.1,
    "totalCapMm": 384.5,
    "totalDifferenceMm": 9.4,
  },
  "perimeterMm": 1402.8,
  "points": [
    [
      0,
      131.9,
    ],
    [
      2.4,
      27.1,
    ],
    [
      75.9,
      0,
    ],
    [
      142.6,
      16.1,
    ],
    [
      163.7,
      66.5,
    ],
    [
      151.8,
      131.9,
    ],
    [
      128.6,
      588,
    ],
    [
      23.3,
      588,
    ],
  ],
  "version": "guided-sleeve@1",
}
`;
