// Vitest Snapshot v1, https://vitest.dev/guide/snapshot.html

exports[`versioned base-pattern drafting > matches the reviewed golden metric snapshots for varied bodies 1`] = `
[
  {
    "fixture": "small",
    "pieces": [
      {
        "areaMm2": 102601.6,
        "backArmholeMm": 0,
        "dartWidthsMm": [],
        "frontArmholeMm": 206.9,
        "heightMm": 603.8,
        "name": "Frente",
        "perimeterMm": 1602.9,
        "shoulderMm": 125.7,
        "sideSeamMm": 418.7,
        "widthMm": 217.4,
      },
      {
        "areaMm2": 105804.1,
        "backArmholeMm": 196.6,
        "dartWidthsMm": [],
        "frontArmholeMm": 0,
        "heightMm": 603.8,
        "name": "Costas",
        "perimeterMm": 1611.7,
        "shoulderMm": 125.7,
        "sideSeamMm": 418.7,
        "widthMm": 217.4,
      },
    ],
    "template": "bodice-block",
    "version": "bodice-block@3",
  },
  {
    "fixture": "small",
    "pieces": [
      {
        "areaMm2": 109019.1,
        "backArmholeMm": 0,
        "dartWidthsMm": [],
        "frontArmholeMm": 227.2,
        "heightMm": 598,
        "name": "Frente",
        "perimeterMm": 1659.9,
        "shoulderMm": 140.6,
        "sideSeamMm": 418.5,
        "widthMm": 250.3,
      },
      {
        "areaMm2": 113604.1,
        "backArmholeMm": 216.2,
        "dartWidthsMm": [],
        "frontArmholeMm": 0,
        "heightMm": 598,
        "name": "Costas",
        "perimeterMm": 1672.3,
        "shoulderMm": 140.6,
        "sideSeamMm": 418.5,
        "widthMm": 250.3,
      },
      {
        "areaMm2": 37943.2,
        "backArmholeMm": 0,
        "dartWidthsMm": [],
        "frontArmholeMm": 0,
        "heightMm": 237.7,
        "name": "Manga curta guiada",
        "perimeterMm": 747.2,
        "shoulderMm": 0,
        "sideSeamMm": 145.7,
        "widthMm": 180,
      },
    ],
    "template": "tshirt",
    "version": "tshirt@4",
  },
  {
    "fixture": "small",
    "pieces": [
      {
        "areaMm2": 125140.5,
        "backArmholeMm": 0,
        "dartWidthsMm": [],
        "frontArmholeMm": 243.9,
        "heightMm": 650.2,
        "name": "Frente",
        "perimeterMm": 1794.9,
        "shoulderMm": 151.9,
        "sideSeamMm": 468.3,
        "widthMm": 257.7,
      },
      {
        "areaMm2": 130569.4,
        "backArmholeMm": 232.6,
        "dartWidthsMm": [],
        "frontArmholeMm": 0,
        "heightMm": 650.2,
        "name": "Costas",
        "perimeterMm": 1808.5,
        "shoulderMm": 151.9,
        "sideSeamMm": 468.3,
        "widthMm": 257.7,
      },
      {
        "areaMm2": 80479.9,
        "backArmholeMm": 0,
        "dartWidthsMm": [],
        "frontArmholeMm": 0,
        "heightMm": 539,
        "name": "Manga longa guiada",
        "perimeterMm": 1312.9,
        "shoulderMm": 0,
        "sideSeamMm": 731.2,
        "widthMm": 200.3,
      },
    ],
    "template": "blouse",
    "version": "blouse@4",
  },
  {
    "fixture": "small",
    "pieces": [
      {
        "areaMm2": 113322.1,
        "backArmholeMm": 0,
        "dartWidthsMm": [
          27.4,
        ],
        "frontArmholeMm": 0,
        "heightMm": 546.6,
        "name": "Frente",
        "perimeterMm": 1483.9,
        "shoulderMm": 0,
        "sideSeamMm": 547.4,
        "widthMm": 212.9,
      },
      {
        "areaMm2": 123645.5,
        "backArmholeMm": 0,
        "dartWidthsMm": [
          38.8,
        ],
        "frontArmholeMm": 0,
        "heightMm": 554.4,
        "name": "Costas",
        "perimeterMm": 1530.7,
        "shoulderMm": 0,
        "sideSeamMm": 545.9,
        "widthMm": 229.7,
      },
    ],
    "template": "straight-skirt",
    "version": "straight-skirt@3",
  },
  {
    "fixture": "small",
    "pieces": [
      {
        "areaMm2": 77700,
        "backArmholeMm": 0,
        "dartWidthsMm": [
          27.4,
        ],
        "frontArmholeMm": 0,
        "heightMm": 369.5,
        "name": "Frente",
        "perimeterMm": 1147,
        "shoulderMm": 0,
        "sideSeamMm": 370.7,
        "widthMm": 225.6,
      },
      {
        "areaMm2": 85204.7,
        "backArmholeMm": 0,
        "dartWidthsMm": [
          38.8,
        ],
        "frontArmholeMm": 0,
        "heightMm": 377.3,
        "name": "Costas",
        "perimeterMm": 1195.3,
        "shoulderMm": 0,
        "sideSeamMm": 369.3,
        "widthMm": 243.4,
      },
    ],
    "template": "mini-skirt",
    "version": "mini-skirt@3",
  },
  {
    "fixture": "medium",
    "pieces": [
      {
        "areaMm2": 133874.8,
        "backArmholeMm": 0,
        "dartWidthsMm": [],
        "frontArmholeMm": 238.6,
        "heightMm": 658.7,
        "name": "Frente",
        "perimeterMm": 1795.4,
        "shoulderMm": 150.8,
        "sideSeamMm": 451.2,
        "widthMm": 258.8,
      },
      {
        "areaMm2": 137930.5,
        "backArmholeMm": 226.7,
        "dartWidthsMm": [],
        "frontArmholeMm": 0,
        "heightMm": 658.7,
        "name": "Costas",
        "perimeterMm": 1804.8,
        "shoulderMm": 150.8,
        "sideSeamMm": 451.2,
        "widthMm": 258.8,
      },
    ],
    "template": "bodice-block",
    "version": "bodice-block@3",
  },
  {
    "fixture": "medium",
    "pieces": [
      {
        "areaMm2": 142052,
        "backArmholeMm": 0,
        "dartWidthsMm": [],
        "frontArmholeMm": 261.6,
        "heightMm": 652.4,
        "name": "Frente",
        "perimeterMm": 1860.1,
        "shoulderMm": 165.7,
        "sideSeamMm": 451.3,
        "widthMm": 298,
      },
      {
        "areaMm2": 147898.8,
        "backArmholeMm": 249,
        "dartWidthsMm": [],
        "frontArmholeMm": 0,
        "heightMm": 652.4,
        "name": "Costas",
        "perimeterMm": 1873.9,
        "shoulderMm": 165.7,
        "sideSeamMm": 451.3,
        "widthMm": 298,
      },
      {
        "areaMm2": 47571.3,
        "backArmholeMm": 0,
        "dartWidthsMm": [],
        "frontArmholeMm": 0,
        "heightMm": 258.2,
        "name": "Manga curta guiada",
        "perimeterMm": 830,
        "shoulderMm": 0,
        "sideSeamMm": 136.5,
        "widthMm": 206.7,
      },
    ],
    "template": "tshirt",
    "version": "tshirt@4",
  },
  {
    "fixture": "medium",
    "pieces": [
      {
        "areaMm2": 162099.9,
        "backArmholeMm": 0,
        "dartWidthsMm": [],
        "frontArmholeMm": 272.7,
        "heightMm": 709.4,
        "name": "Frente",
        "perimeterMm": 1988,
        "shoulderMm": 165.7,
        "sideSeamMm": 505.1,
        "widthMm": 306.8,
      },
      {
        "areaMm2": 169096,
        "backArmholeMm": 259.6,
        "dartWidthsMm": [],
        "frontArmholeMm": 0,
        "heightMm": 709.4,
        "name": "Costas",
        "perimeterMm": 2003,
        "shoulderMm": 165.7,
        "sideSeamMm": 505.1,
        "widthMm": 306.8,
      },
      {
        "areaMm2": 99386.4,
        "backArmholeMm": 0,
        "dartWidthsMm": [],
        "frontArmholeMm": 0,
        "heightMm": 588,
        "name": "Manga longa guiada",
        "perimeterMm": 1441.9,
        "shoulderMm": 0,
        "sideSeamMm": 790.6,
        "widthMm": 225.6,
      },
    ],
    "template": "blouse",
    "version": "blouse@4",
  },
  {
    "fixture": "medium",
    "pieces": [
      {
        "areaMm2": 146319,
        "backArmholeMm": 0,
        "dartWidthsMm": [
          32.6,
        ],
        "frontArmholeMm": 0,
        "heightMm": 596.3,
        "name": "Frente",
        "perimeterMm": 1659,
        "shoulderMm": 0,
        "sideSeamMm": 596.4,
        "widthMm": 251.3,
      },
      {
        "areaMm2": 159373.8,
        "backArmholeMm": 0,
        "dartWidthsMm": [
          40.6,
        ],
        "frontArmholeMm": 0,
        "heightMm": 604.8,
        "name": "Costas",
        "perimeterMm": 1709.9,
        "shoulderMm": 0,
        "sideSeamMm": 595.8,
        "widthMm": 271.3,
      },
    ],
    "template": "straight-skirt",
    "version": "straight-skirt@3",
  },
  {
    "fixture": "medium",
    "pieces": [
      {
        "areaMm2": 100455.4,
        "backArmholeMm": 0,
        "dartWidthsMm": [
          32.6,
        ],
        "frontArmholeMm": 0,
        "heightMm": 403.1,
        "name": "Frente",
        "perimeterMm": 1293.2,
        "shoulderMm": 0,
        "sideSeamMm": 403.7,
        "widthMm": 266.3,
      },
      {
        "areaMm2": 109859.6,
        "backArmholeMm": 0,
        "dartWidthsMm": [
          40.6,
        ],
        "frontArmholeMm": 0,
        "heightMm": 411.6,
        "name": "Costas",
        "perimeterMm": 1345.7,
        "shoulderMm": 0,
        "sideSeamMm": 403.1,
        "widthMm": 287.5,
      },
    ],
    "template": "mini-skirt",
    "version": "mini-skirt@3",
  },
  {
    "fixture": "large",
    "pieces": [
      {
        "areaMm2": 194981,
        "backArmholeMm": 0,
        "dartWidthsMm": [],
        "frontArmholeMm": 308.8,
        "heightMm": 717.5,
        "name": "Frente",
        "perimeterMm": 2020.2,
        "shoulderMm": 168,
        "sideSeamMm": 444.9,
        "widthMm": 327.6,
      },
      {
        "areaMm2": 201321.1,
        "backArmholeMm": 293.7,
        "dartWidthsMm": [],
        "frontArmholeMm": 0,
        "heightMm": 717.5,
        "name": "Costas",
        "perimeterMm": 2029.3,
        "shoulderMm": 168,
        "sideSeamMm": 444.9,
        "widthMm": 327.6,
      },
    ],
    "template": "bodice-block",
    "version": "bodice-block@3",
  },
  {
    "fixture": "large",
    "pieces": [
      {
        "areaMm2": 204691.8,
        "backArmholeMm": 0,
        "dartWidthsMm": [],
        "frontArmholeMm": 328.3,
        "heightMm": 710.6,
        "name": "Frente",
        "perimeterMm": 2069,
        "shoulderMm": 168,
        "sideSeamMm": 441.4,
        "widthMm": 369.5,
      },
      {
        "areaMm2": 213954,
        "backArmholeMm": 311.8,
        "dartWidthsMm": [],
        "frontArmholeMm": 0,
        "heightMm": 710.6,
        "name": "Costas",
        "perimeterMm": 2084,
        "shoulderMm": 168,
        "sideSeamMm": 441.4,
        "widthMm": 369.5,
      },
      {
        "areaMm2": 80870.9,
        "backArmholeMm": 0,
        "dartWidthsMm": [],
        "frontArmholeMm": 0,
        "heightMm": 320.1,
        "name": "Manga curta guiada",
        "perimeterMm": 1102.3,
        "shoulderMm": 0,
        "sideSeamMm": 214,
        "widthMm": 284.7,
      },
    ],
    "template": "tshirt",
    "version": "tshirt@4",
  },
  {
    "fixture": "large",
    "pieces": [
      {
        "areaMm2": 231750,
        "backArmholeMm": 0,
        "dartWidthsMm": [],
        "frontArmholeMm": 343.7,
        "heightMm": 772.7,
        "name": "Frente",
        "perimeterMm": 2213,
        "shoulderMm": 168,
        "sideSeamMm": 501.3,
        "widthMm": 380.4,
      },
      {
        "areaMm2": 242807.1,
        "backArmholeMm": 326.3,
        "dartWidthsMm": [],
        "frontArmholeMm": 0,
        "heightMm": 772.7,
        "name": "Costas",
        "perimeterMm": 2229.8,
        "shoulderMm": 168,
        "sideSeamMm": 501.3,
        "widthMm": 380.4,
      },
      {
        "areaMm2": 146499.9,
        "backArmholeMm": 0,
        "dartWidthsMm": [],
        "frontArmholeMm": 0,
        "heightMm": 640.5,
        "name": "Manga longa guiada",
        "perimeterMm": 1691.1,
        "shoulderMm": 0,
        "sideSeamMm": 862.9,
        "widthMm": 308.7,
      },
    ],
    "template": "blouse",
    "version": "blouse@4",
  },
  {
    "fixture": "large",
    "pieces": [
      {
        "areaMm2": 196706.8,
        "backArmholeMm": 0,
        "dartWidthsMm": [
          7.9,
        ],
        "frontArmholeMm": 0,
        "heightMm": 649.5,
        "name": "Frente",
        "perimeterMm": 1882.3,
        "shoulderMm": 0,
        "sideSeamMm": 648.4,
        "widthMm": 308.8,
      },
      {
        "areaMm2": 214165.6,
        "backArmholeMm": 0,
        "dartWidthsMm": [
          10.9,
        ],
        "frontArmholeMm": 0,
        "heightMm": 658.8,
        "name": "Costas",
        "perimeterMm": 1941.5,
        "shoulderMm": 0,
        "sideSeamMm": 648.3,
        "widthMm": 333.7,
      },
    ],
    "template": "straight-skirt",
    "version": "straight-skirt@3",
  },
  {
    "fixture": "large",
    "pieces": [
      {
        "areaMm2": 135315.1,
        "backArmholeMm": 0,
        "dartWidthsMm": [
          7.9,
        ],
        "frontArmholeMm": 0,
        "heightMm": 439.1,
        "name": "Frente",
        "perimeterMm": 1486.9,
        "shoulderMm": 0,
        "sideSeamMm": 438.7,
        "widthMm": 327.4,
      },
      {
        "areaMm2": 147835.9,
        "backArmholeMm": 0,
        "dartWidthsMm": [
          10.9,
        ],
        "frontArmholeMm": 0,
        "heightMm": 448.4,
        "name": "Costas",
        "perimeterMm": 1548.2,
        "shoulderMm": 0,
        "sideSeamMm": 438.7,
        "widthMm": 353.7,
      },
    ],
    "template": "mini-skirt",
    "version": "mini-skirt@3",
  },
  {
    "fixture": "tall-narrow",
    "pieces": [
      {
        "areaMm2": 154554,
        "backArmholeMm": 0,
        "dartWidthsMm": [],
        "frontArmholeMm": 232.4,
        "heightMm": 776.3,
        "name": "Frente",
        "perimeterMm": 1990.6,
        "shoulderMm": 144.4,
        "sideSeamMm": 563.4,
        "widthMm": 238.1,
      },
      {
        "areaMm2": 159338.8,
        "backArmholeMm": 220.6,
        "dartWidthsMm": [],
        "frontArmholeMm": 0,
        "heightMm": 776.3,
        "name": "Costas",
        "perimeterMm": 2003.1,
        "shoulderMm": 144.4,
        "sideSeamMm": 563.4,
        "widthMm": 238.1,
      },
    ],
    "template": "bodice-block",
    "version": "bodice-block@3",
  },
  {
    "fixture": "tall-narrow",
    "pieces": [
      {
        "areaMm2": 164509.2,
        "backArmholeMm": 0,
        "dartWidthsMm": [],
        "frontArmholeMm": 256.7,
        "heightMm": 768.9,
        "name": "Frente",
        "perimeterMm": 2050.5,
        "shoulderMm": 161.7,
        "sideSeamMm": 559.4,
        "widthMm": 274.1,
      },
      {
        "areaMm2": 171450,
        "backArmholeMm": 244.2,
        "dartWidthsMm": [],
        "frontArmholeMm": 0,
        "heightMm": 768.9,
        "name": "Costas",
        "perimeterMm": 2067.3,
        "shoulderMm": 161.7,
        "sideSeamMm": 559.4,
        "widthMm": 274.1,
      },
      {
        "areaMm2": 46570.2,
        "backArmholeMm": 0,
        "dartWidthsMm": [],
        "frontArmholeMm": 0,
        "heightMm": 253.3,
        "name": "Manga curta guiada",
        "perimeterMm": 820.8,
        "shoulderMm": 0,
        "sideSeamMm": 135.9,
        "widthMm": 206.6,
      },
    ],
    "template": "tshirt",
    "version": "tshirt@4",
  },
  {
    "fixture": "tall-narrow",
    "pieces": [
      {
        "areaMm2": 188186.8,
        "backArmholeMm": 0,
        "dartWidthsMm": [],
        "frontArmholeMm": 276.5,
        "heightMm": 836,
        "name": "Frente",
        "perimeterMm": 2221.7,
        "shoulderMm": 174.7,
        "sideSeamMm": 624.6,
        "widthMm": 282.3,
      },
      {
        "areaMm2": 196046.9,
        "backArmholeMm": 263.7,
        "dartWidthsMm": [],
        "frontArmholeMm": 0,
        "heightMm": 836,
        "name": "Costas",
        "perimeterMm": 2239.2,
        "shoulderMm": 174.7,
        "sideSeamMm": 624.6,
        "widthMm": 282.3,
      },
      {
        "areaMm2": 116891.8,
        "backArmholeMm": 0,
        "dartWidthsMm": [],
        "frontArmholeMm": 0,
        "heightMm": 693,
        "name": "Manga longa guiada",
        "perimeterMm": 1654.5,
        "shoulderMm": 0,
        "sideSeamMm": 992.3,
        "widthMm": 227.6,
      },
    ],
    "template": "blouse",
    "version": "blouse@4",
  },
  {
    "fixture": "tall-narrow",
    "pieces": [
      {
        "areaMm2": 159035,
        "backArmholeMm": 0,
        "dartWidthsMm": [
          12.6,
        ],
        "frontArmholeMm": 0,
        "heightMm": 702.8,
        "name": "Frente",
        "perimeterMm": 1832.2,
        "shoulderMm": 0,
        "sideSeamMm": 702,
        "widthMm": 232.1,
      },
      {
        "areaMm2": 173649.8,
        "backArmholeMm": 0,
        "dartWidthsMm": [
          24.6,
        ],
        "frontArmholeMm": 0,
        "heightMm": 712.8,
        "name": "Costas",
        "perimeterMm": 1886.3,
        "shoulderMm": 0,
        "sideSeamMm": 700.5,
        "widthMm": 250.5,
      },
    ],
    "template": "straight-skirt",
    "version": "straight-skirt@3",
  },
  {
    "fixture": "tall-narrow",
    "pieces": [
      {
        "areaMm2": 109114.7,
        "backArmholeMm": 0,
        "dartWidthsMm": [
          12.6,
        ],
        "frontArmholeMm": 0,
        "heightMm": 475.1,
        "name": "Frente",
        "perimeterMm": 1395.8,
        "shoulderMm": 0,
        "sideSeamMm": 474.6,
        "widthMm": 246,
      },
      {
        "areaMm2": 119778.5,
        "backArmholeMm": 0,
        "dartWidthsMm": [
          24.6,
        ],
        "frontArmholeMm": 0,
        "heightMm": 485.1,
        "name": "Costas",
        "perimeterMm": 1451.4,
        "shoulderMm": 0,
        "sideSeamMm": 473.2,
        "widthMm": 265.5,
      },
    ],
    "template": "mini-skirt",
    "version": "mini-skirt@3",
  },
  {
    "fixture": "short-wide",
    "pieces": [
      {
        "areaMm2": 147262.6,
        "backArmholeMm": 0,
        "dartWidthsMm": [],
        "frontArmholeMm": 288.1,
        "heightMm": 580.3,
        "name": "Frente",
        "perimeterMm": 1734.7,
        "shoulderMm": 131.6,
        "sideSeamMm": 337.7,
        "widthMm": 341.5,
      },
      {
        "areaMm2": 151144.1,
        "backArmholeMm": 280.8,
        "dartWidthsMm": [],
        "frontArmholeMm": 0,
        "heightMm": 580.3,
        "name": "Costas",
        "perimeterMm": 1747.1,
        "shoulderMm": 131.6,
        "sideSeamMm": 337.7,
        "widthMm": 341.5,
      },
    ],
    "template": "bodice-block",
    "version": "bodice-block@3",
  },
  {
    "fixture": "short-wide",
    "pieces": [
      {
        "areaMm2": 154196.9,
        "backArmholeMm": 0,
        "dartWidthsMm": [],
        "frontArmholeMm": 306.3,
        "heightMm": 574.7,
        "name": "Frente",
        "perimeterMm": 1795.5,
        "shoulderMm": 131.6,
        "sideSeamMm": 342,
        "widthMm": 393.3,
      },
      {
        "areaMm2": 160214.3,
        "backArmholeMm": 298.2,
        "dartWidthsMm": [],
        "frontArmholeMm": 0,
        "heightMm": 574.7,
        "name": "Costas",
        "perimeterMm": 1813.4,
        "shoulderMm": 131.6,
        "sideSeamMm": 342,
        "widthMm": 393.3,
      },
      {
        "areaMm2": 71153.4,
        "backArmholeMm": 0,
        "dartWidthsMm": [],
        "frontArmholeMm": 0,
        "heightMm": 309.9,
        "name": "Manga curta guiada",
        "perimeterMm": 1025.7,
        "shoulderMm": 0,
        "sideSeamMm": 193.6,
        "widthMm": 260.9,
      },
    ],
    "template": "tshirt",
    "version": "tshirt@4",
  },
  {
    "fixture": "short-wide",
    "pieces": [
      {
        "areaMm2": 176529.6,
        "backArmholeMm": 0,
        "dartWidthsMm": [],
        "frontArmholeMm": 320.6,
        "heightMm": 624.9,
        "name": "Frente",
        "perimeterMm": 1912.7,
        "shoulderMm": 131.6,
        "sideSeamMm": 386.7,
        "widthMm": 405,
      },
      {
        "areaMm2": 183865,
        "backArmholeMm": 311.9,
        "dartWidthsMm": [],
        "frontArmholeMm": 0,
        "heightMm": 624.9,
        "name": "Costas",
        "perimeterMm": 1932.4,
        "shoulderMm": 131.6,
        "sideSeamMm": 386.7,
        "widthMm": 405,
      },
      {
        "areaMm2": 111321,
        "backArmholeMm": 0,
        "dartWidthsMm": [],
        "frontArmholeMm": 0,
        "heightMm": 518,
        "name": "Manga longa guiada",
        "perimeterMm": 1397,
        "shoulderMm": 0,
        "sideSeamMm": 620.1,
        "widthMm": 285,
      },
    ],
    "template": "blouse",
    "version": "blouse@4",
  },
  {
    "fixture": "short-wide",
    "pieces": [
      {
        "areaMm2": 168181.1,
        "backArmholeMm": 0,
        "dartWidthsMm": [
          30.6,
        ],
        "frontArmholeMm": 0,
        "heightMm": 525.3,
        "name": "Frente",
        "perimeterMm": 1661.7,
        "shoulderMm": 0,
        "sideSeamMm": 529.6,
        "widthMm": 328.1,
      },
      {
        "areaMm2": 183573.5,
        "backArmholeMm": 0,
        "dartWidthsMm": [
          44.1,
        ],
        "frontArmholeMm": 0,
        "heightMm": 532.8,
        "name": "Costas",
        "perimeterMm": 1727.2,
        "shoulderMm": 0,
        "sideSeamMm": 527.3,
        "widthMm": 354.5,
      },
    ],
    "template": "straight-skirt",
    "version": "straight-skirt@3",
  },
  {
    "fixture": "short-wide",
    "pieces": [
      {
        "areaMm2": 115420.6,
        "backArmholeMm": 0,
        "dartWidthsMm": [
          30.6,
        ],
        "frontArmholeMm": 0,
        "heightMm": 355.1,
        "name": "Frente",
        "perimeterMm": 1348.4,
        "shoulderMm": 0,
        "sideSeamMm": 360.4,
        "widthMm": 347.7,
      },
      {
        "areaMm2": 126564.3,
        "backArmholeMm": 0,
        "dartWidthsMm": [
          44.1,
        ],
        "frontArmholeMm": 0,
        "heightMm": 362.6,
        "name": "Costas",
        "perimeterMm": 1416.2,
        "shoulderMm": 0,
        "sideSeamMm": 358.2,
        "widthMm": 375.7,
      },
    ],
    "template": "mini-skirt",
    "version": "mini-skirt@3",
  },
]
`;
