// Vitest Snapshot v1, https://vitest.dev/guide/snapshot.html

exports[`versioned base-pattern drafting > matches the reviewed golden metric snapshots for varied bodies 1`] = `
[
  {
    "fixture": "small",
    "pieces": [
      {
        "areaMm2": 125551.9,
        "backArmholeMm": 0,
        "dartWidthsMm": [],
        "frontArmholeMm": 166.5,
        "heightMm": 690.6,
        "name": "Frente",
        "perimeterMm": 1727.7,
        "shoulderMm": 122.5,
        "sideSeamMm": 503.6,
        "widthMm": 215,
      },
      {
        "areaMm2": 132299.4,
        "backArmholeMm": 167.7,
        "dartWidthsMm": [],
        "frontArmholeMm": 0,
        "heightMm": 690.6,
        "name": "Costas",
        "perimeterMm": 1754.4,
        "shoulderMm": 122.5,
        "sideSeamMm": 507.2,
        "widthMm": 222.5,
      },
    ],
    "template": "bodice-block",
    "version": "bodice-block@2",
  },
  {
    "fixture": "small",
    "pieces": [
      {
        "areaMm2": 163610,
        "backArmholeMm": 0,
        "dartWidthsMm": [],
        "frontArmholeMm": 166.5,
        "heightMm": 805.6,
        "name": "Frente",
        "perimeterMm": 1983,
        "shoulderMm": 136.5,
        "sideSeamMm": 614.3,
        "widthMm": 233.3,
      },
      {
        "areaMm2": 172174,
        "backArmholeMm": 167.9,
        "dartWidthsMm": [],
        "frontArmholeMm": 0,
        "heightMm": 805.6,
        "name": "Costas",
        "perimeterMm": 2010.8,
        "shoulderMm": 136.5,
        "sideSeamMm": 617.4,
        "widthMm": 241.4,
      },
      {
        "areaMm2": 32063.9,
        "backArmholeMm": 0,
        "dartWidthsMm": [],
        "frontArmholeMm": 0,
        "heightMm": 160,
        "name": "Manga",
        "perimeterMm": 748.3,
        "shoulderMm": 0,
        "sideSeamMm": 127.3,
        "widthMm": 312.4,
      },
    ],
    "template": "tshirt",
    "version": "tshirt@2",
  },
  {
    "fixture": "small",
    "pieces": [
      {
        "areaMm2": 189671.5,
        "backArmholeMm": 0,
        "dartWidthsMm": [],
        "frontArmholeMm": 166.5,
        "heightMm": 865.6,
        "name": "Frente",
        "perimeterMm": 2135.5,
        "shoulderMm": 150.5,
        "sideSeamMm": 674.4,
        "widthMm": 255.6,
      },
      {
        "areaMm2": 200346.1,
        "backArmholeMm": 168.2,
        "dartWidthsMm": [],
        "frontArmholeMm": 0,
        "heightMm": 865.6,
        "name": "Costas",
        "perimeterMm": 2166,
        "shoulderMm": 150.5,
        "sideSeamMm": 677.7,
        "widthMm": 264.4,
      },
      {
        "areaMm2": 135247.1,
        "backArmholeMm": 0,
        "dartWidthsMm": [],
        "frontArmholeMm": 0,
        "heightMm": 528.2,
        "name": "Manga",
        "perimeterMm": 1462.2,
        "shoulderMm": 0,
        "sideSeamMm": 823.5,
        "widthMm": 352.4,
      },
    ],
    "template": "blouse",
    "version": "blouse@2",
  },
  {
    "fixture": "small",
    "pieces": [
      {
        "areaMm2": 115602.3,
        "backArmholeMm": 0,
        "dartWidthsMm": [
          21.5,
        ],
        "frontArmholeMm": 0,
        "heightMm": 550.1,
        "name": "Frente",
        "perimeterMm": 1490.8,
        "shoulderMm": 0,
        "sideSeamMm": 556.6,
        "widthMm": 216.8,
      },
      {
        "areaMm2": 121771.2,
        "backArmholeMm": 0,
        "dartWidthsMm": [
          27.3,
        ],
        "frontArmholeMm": 0,
        "heightMm": 554.4,
        "name": "Costas",
        "perimeterMm": 1523.3,
        "shoulderMm": 0,
        "sideSeamMm": 554,
        "widthMm": 225.7,
      },
    ],
    "template": "straight-skirt",
    "version": "straight-skirt@2",
  },
  {
    "fixture": "small",
    "pieces": [
      {
        "areaMm2": 79319.5,
        "backArmholeMm": 0,
        "dartWidthsMm": [
          21.5,
        ],
        "frontArmholeMm": 0,
        "heightMm": 373,
        "name": "Frente",
        "perimeterMm": 1154.3,
        "shoulderMm": 0,
        "sideSeamMm": 379.9,
        "widthMm": 229.8,
      },
      {
        "areaMm2": 84000,
        "backArmholeMm": 0,
        "dartWidthsMm": [
          27.3,
        ],
        "frontArmholeMm": 0,
        "heightMm": 377.3,
        "name": "Costas",
        "perimeterMm": 1187.6,
        "shoulderMm": 0,
        "sideSeamMm": 377.3,
        "widthMm": 239.2,
      },
    ],
    "template": "mini-skirt",
    "version": "mini-skirt@2",
  },
  {
    "fixture": "medium",
    "pieces": [
      {
        "areaMm2": 160629.6,
        "backArmholeMm": 0,
        "dartWidthsMm": [],
        "frontArmholeMm": 186.6,
        "heightMm": 743.4,
        "name": "Frente",
        "perimeterMm": 1900.7,
        "shoulderMm": 145.3,
        "sideSeamMm": 533.4,
        "widthMm": 254.3,
      },
      {
        "areaMm2": 169098.5,
        "backArmholeMm": 188.2,
        "dartWidthsMm": [],
        "frontArmholeMm": 0,
        "heightMm": 743.4,
        "name": "Costas",
        "perimeterMm": 1931.5,
        "shoulderMm": 145.3,
        "sideSeamMm": 537.5,
        "widthMm": 263.2,
      },
    ],
    "template": "bodice-block",
    "version": "bodice-block@2",
  },
  {
    "fixture": "medium",
    "pieces": [
      {
        "areaMm2": 203971.6,
        "backArmholeMm": 0,
        "dartWidthsMm": [],
        "frontArmholeMm": 186.7,
        "heightMm": 858.4,
        "name": "Frente",
        "perimeterMm": 2156.1,
        "shoulderMm": 159.4,
        "sideSeamMm": 644.2,
        "widthMm": 273,
      },
      {
        "areaMm2": 214593,
        "backArmholeMm": 188.4,
        "dartWidthsMm": [],
        "frontArmholeMm": 0,
        "heightMm": 858.4,
        "name": "Costas",
        "perimeterMm": 2188.4,
        "shoulderMm": 159.4,
        "sideSeamMm": 647.8,
        "widthMm": 282.5,
      },
      {
        "areaMm2": 36685.6,
        "backArmholeMm": 0,
        "dartWidthsMm": [],
        "frontArmholeMm": 0,
        "heightMm": 164.6,
        "name": "Manga",
        "perimeterMm": 833.9,
        "shoulderMm": 0,
        "sideSeamMm": 133,
        "widthMm": 358.6,
      },
    ],
    "template": "tshirt",
    "version": "tshirt@2",
  },
  {
    "fixture": "medium",
    "pieces": [
      {
        "areaMm2": 232529.4,
        "backArmholeMm": 0,
        "dartWidthsMm": [],
        "frontArmholeMm": 187.4,
        "heightMm": 918.4,
        "name": "Frente",
        "perimeterMm": 2302.1,
        "shoulderMm": 165.7,
        "sideSeamMm": 704.4,
        "widthMm": 296.5,
      },
      {
        "areaMm2": 245587.8,
        "backArmholeMm": 191.1,
        "dartWidthsMm": [],
        "frontArmholeMm": 0,
        "heightMm": 918.4,
        "name": "Costas",
        "perimeterMm": 2339.2,
        "shoulderMm": 165.7,
        "sideSeamMm": 708,
        "widthMm": 306.7,
      },
      {
        "areaMm2": 166519.5,
        "backArmholeMm": 0,
        "dartWidthsMm": [],
        "frontArmholeMm": 0,
        "heightMm": 576.2,
        "name": "Manga",
        "perimeterMm": 1613.1,
        "shoulderMm": 0,
        "sideSeamMm": 893.3,
        "widthMm": 398.6,
      },
    ],
    "template": "blouse",
    "version": "blouse@2",
  },
  {
    "fixture": "medium",
    "pieces": [
      {
        "areaMm2": 149172.9,
        "backArmholeMm": 0,
        "dartWidthsMm": [
          23.4,
        ],
        "frontArmholeMm": 0,
        "heightMm": 600.2,
        "name": "Frente",
        "perimeterMm": 1665.1,
        "shoulderMm": 0,
        "sideSeamMm": 607.2,
        "widthMm": 256,
      },
      {
        "areaMm2": 157086.9,
        "backArmholeMm": 0,
        "dartWidthsMm": [
          29.3,
        ],
        "frontArmholeMm": 0,
        "heightMm": 604.8,
        "name": "Costas",
        "perimeterMm": 1702.4,
        "shoulderMm": 0,
        "sideSeamMm": 604.3,
        "widthMm": 266.5,
      },
    ],
    "template": "straight-skirt",
    "version": "straight-skirt@2",
  },
  {
    "fixture": "medium",
    "pieces": [
      {
        "areaMm2": 102445,
        "backArmholeMm": 0,
        "dartWidthsMm": [
          23.4,
        ],
        "frontArmholeMm": 0,
        "heightMm": 407,
        "name": "Frente",
        "perimeterMm": 1299.7,
        "shoulderMm": 0,
        "sideSeamMm": 414.6,
        "widthMm": 271.4,
      },
      {
        "areaMm2": 108457.6,
        "backArmholeMm": 0,
        "dartWidthsMm": [
          29.3,
        ],
        "frontArmholeMm": 0,
        "heightMm": 411.6,
        "name": "Costas",
        "perimeterMm": 1337.9,
        "shoulderMm": 0,
        "sideSeamMm": 411.7,
        "widthMm": 282.5,
      },
    ],
    "template": "mini-skirt",
    "version": "mini-skirt@2",
  },
  {
    "fixture": "large",
    "pieces": [
      {
        "areaMm2": 230244.3,
        "backArmholeMm": 0,
        "dartWidthsMm": [],
        "frontArmholeMm": 251.4,
        "heightMm": 799.9,
        "name": "Frente",
        "perimeterMm": 2119.9,
        "shoulderMm": 168,
        "sideSeamMm": 524.9,
        "widthMm": 316.2,
      },
      {
        "areaMm2": 242904.9,
        "backArmholeMm": 257.9,
        "dartWidthsMm": [],
        "frontArmholeMm": 0,
        "heightMm": 799.9,
        "name": "Costas",
        "perimeterMm": 2162.6,
        "shoulderMm": 168,
        "sideSeamMm": 528.7,
        "widthMm": 333.8,
      },
    ],
    "template": "bodice-block",
    "version": "bodice-block@2",
  },
  {
    "fixture": "large",
    "pieces": [
      {
        "areaMm2": 279678.7,
        "backArmholeMm": 0,
        "dartWidthsMm": [],
        "frontArmholeMm": 255.1,
        "heightMm": 914.9,
        "name": "Frente",
        "perimeterMm": 2365.9,
        "shoulderMm": 168,
        "sideSeamMm": 637.4,
        "widthMm": 332.6,
      },
      {
        "areaMm2": 295082.8,
        "backArmholeMm": 265.1,
        "dartWidthsMm": [],
        "frontArmholeMm": 0,
        "heightMm": 914.9,
        "name": "Costas",
        "perimeterMm": 2413.9,
        "shoulderMm": 168,
        "sideSeamMm": 640.4,
        "widthMm": 349.2,
      },
      {
        "areaMm2": 50898.1,
        "backArmholeMm": 0,
        "dartWidthsMm": [],
        "frontArmholeMm": 0,
        "heightMm": 179.3,
        "name": "Manga",
        "perimeterMm": 1085.6,
        "shoulderMm": 0,
        "sideSeamMm": 167.4,
        "widthMm": 483.4,
      },
    ],
    "template": "tshirt",
    "version": "tshirt@2",
  },
  {
    "fixture": "large",
    "pieces": [
      {
        "areaMm2": 311482.2,
        "backArmholeMm": 0,
        "dartWidthsMm": [],
        "frontArmholeMm": 260.3,
        "heightMm": 974.9,
        "name": "Frente",
        "perimeterMm": 2509.7,
        "shoulderMm": 168,
        "sideSeamMm": 697.7,
        "widthMm": 357.8,
      },
      {
        "areaMm2": 330132.8,
        "backArmholeMm": 273.5,
        "dartWidthsMm": [],
        "frontArmholeMm": 0,
        "heightMm": 974.9,
        "name": "Costas",
        "perimeterMm": 2565.3,
        "shoulderMm": 168,
        "sideSeamMm": 700.8,
        "widthMm": 370.2,
      },
      {
        "areaMm2": 236747.4,
        "backArmholeMm": 0,
        "dartWidthsMm": [],
        "frontArmholeMm": 0,
        "heightMm": 627.7,
        "name": "Manga",
        "perimeterMm": 1876.5,
        "shoulderMm": 0,
        "sideSeamMm": 936.6,
        "widthMm": 523.4,
      },
    ],
    "template": "blouse",
    "version": "blouse@2",
  },
  {
    "fixture": "large",
    "pieces": [
      {
        "areaMm2": 201801.6,
        "backArmholeMm": 0,
        "dartWidthsMm": [
          14,
        ],
        "frontArmholeMm": 0,
        "heightMm": 653.7,
        "name": "Frente",
        "perimeterMm": 1901.8,
        "shoulderMm": 0,
        "sideSeamMm": 656.1,
        "widthMm": 314.8,
      },
      {
        "areaMm2": 212306.3,
        "backArmholeMm": 0,
        "dartWidthsMm": [
          14.4,
        ],
        "frontArmholeMm": 0,
        "heightMm": 658.8,
        "name": "Costas",
        "perimeterMm": 1945.4,
        "shoulderMm": 0,
        "sideSeamMm": 654.7,
        "widthMm": 327.7,
      },
    ],
    "template": "straight-skirt",
    "version": "straight-skirt@2",
  },
  {
    "fixture": "large",
    "pieces": [
      {
        "areaMm2": 139228,
        "backArmholeMm": 0,
        "dartWidthsMm": [
          14,
        ],
        "frontArmholeMm": 0,
        "heightMm": 443.3,
        "name": "Frente",
        "perimeterMm": 1506.9,
        "shoulderMm": 0,
        "sideSeamMm": 446.4,
        "widthMm": 333.7,
      },
      {
        "areaMm2": 147169,
        "backArmholeMm": 0,
        "dartWidthsMm": [
          14.4,
        ],
        "frontArmholeMm": 0,
        "heightMm": 448.4,
        "name": "Costas",
        "perimeterMm": 1551.6,
        "shoulderMm": 0,
        "sideSeamMm": 445,
        "widthMm": 347.3,
      },
    ],
    "template": "mini-skirt",
    "version": "mini-skirt@2",
  },
  {
    "fixture": "tall-narrow",
    "pieces": [
      {
        "areaMm2": 178878.7,
        "backArmholeMm": 0,
        "dartWidthsMm": [],
        "frontArmholeMm": 181.8,
        "heightMm": 856.5,
        "name": "Frente",
        "perimeterMm": 2093.6,
        "shoulderMm": 139.2,
        "sideSeamMm": 642.4,
        "widthMm": 234.7,
      },
      {
        "areaMm2": 188006.3,
        "backArmholeMm": 183.4,
        "dartWidthsMm": [],
        "frontArmholeMm": 0,
        "heightMm": 856.5,
        "name": "Costas",
        "perimeterMm": 2122.4,
        "shoulderMm": 139.2,
        "sideSeamMm": 644.8,
        "widthMm": 242.8,
      },
    ],
    "template": "bodice-block",
    "version": "bodice-block@2",
  },
  {
    "fixture": "tall-narrow",
    "pieces": [
      {
        "areaMm2": 222136.2,
        "backArmholeMm": 0,
        "dartWidthsMm": [],
        "frontArmholeMm": 181.8,
        "heightMm": 971.5,
        "name": "Frente",
        "perimeterMm": 2350.4,
        "shoulderMm": 153.2,
        "sideSeamMm": 754.9,
        "widthMm": 253.2,
      },
      {
        "areaMm2": 233376.7,
        "backArmholeMm": 183.6,
        "dartWidthsMm": [],
        "frontArmholeMm": 0,
        "heightMm": 971.5,
        "name": "Costas",
        "perimeterMm": 2380.8,
        "shoulderMm": 153.2,
        "sideSeamMm": 756.8,
        "widthMm": 261.9,
      },
      {
        "areaMm2": 46188.8,
        "backArmholeMm": 0,
        "dartWidthsMm": [],
        "frontArmholeMm": 0,
        "heightMm": 194,
        "name": "Manga",
        "perimeterMm": 878.3,
        "shoulderMm": 0,
        "sideSeamMm": 172.4,
        "widthMm": 361,
      },
    ],
    "template": "tshirt",
    "version": "tshirt@2",
  },
  {
    "fixture": "tall-narrow",
    "pieces": [
      {
        "areaMm2": 251541.4,
        "backArmholeMm": 0,
        "dartWidthsMm": [],
        "frontArmholeMm": 182,
        "heightMm": 1031.5,
        "name": "Frente",
        "perimeterMm": 2502.8,
        "shoulderMm": 167.3,
        "sideSeamMm": 815.1,
        "widthMm": 276,
      },
      {
        "areaMm2": 265300.2,
        "backArmholeMm": 183.7,
        "dartWidthsMm": [],
        "frontArmholeMm": 0,
        "heightMm": 1031.5,
        "name": "Costas",
        "perimeterMm": 2536.2,
        "shoulderMm": 167.3,
        "sideSeamMm": 817.1,
        "widthMm": 285.6,
      },
      {
        "areaMm2": 200855.2,
        "backArmholeMm": 0,
        "dartWidthsMm": [],
        "frontArmholeMm": 0,
        "heightMm": 679.1,
        "name": "Manga",
        "perimeterMm": 1824,
        "shoulderMm": 0,
        "sideSeamMm": 1099.4,
        "widthMm": 401,
      },
    ],
    "template": "blouse",
    "version": "blouse@2",
  },
  {
    "fixture": "tall-narrow",
    "pieces": [
      {
        "areaMm2": 163062,
        "backArmholeMm": 0,
        "dartWidthsMm": [
          16.7,
        ],
        "frontArmholeMm": 0,
        "heightMm": 707.3,
        "name": "Frente",
        "perimeterMm": 1848.9,
        "shoulderMm": 0,
        "sideSeamMm": 710.5,
        "widthMm": 236.4,
      },
      {
        "areaMm2": 171656.4,
        "backArmholeMm": 0,
        "dartWidthsMm": [
          19.9,
        ],
        "frontArmholeMm": 0,
        "heightMm": 712.8,
        "name": "Costas",
        "perimeterMm": 1885.7,
        "shoulderMm": 0,
        "sideSeamMm": 709,
        "widthMm": 246.1,
      },
    ],
    "template": "straight-skirt",
    "version": "straight-skirt@2",
  },
  {
    "fixture": "tall-narrow",
    "pieces": [
      {
        "areaMm2": 112201.2,
        "backArmholeMm": 0,
        "dartWidthsMm": [
          16.7,
        ],
        "frontArmholeMm": 0,
        "heightMm": 479.6,
        "name": "Frente",
        "perimeterMm": 1412.8,
        "shoulderMm": 0,
        "sideSeamMm": 483.1,
        "widthMm": 250.6,
      },
      {
        "areaMm2": 118699.8,
        "backArmholeMm": 0,
        "dartWidthsMm": [
          19.9,
        ],
        "frontArmholeMm": 0,
        "heightMm": 485.1,
        "name": "Costas",
        "perimeterMm": 1450.3,
        "shoulderMm": 0,
        "sideSeamMm": 481.7,
        "widthMm": 260.8,
      },
    ],
    "template": "mini-skirt",
    "version": "mini-skirt@2",
  },
  {
    "fixture": "short-wide",
    "pieces": [
      {
        "areaMm2": 184539.8,
        "backArmholeMm": 0,
        "dartWidthsMm": [],
        "frontArmholeMm": 250.7,
        "heightMm": 668,
        "name": "Frente",
        "perimeterMm": 1857,
        "shoulderMm": 131.6,
        "sideSeamMm": 420.4,
        "widthMm": 333,
      },
      {
        "areaMm2": 195440.6,
        "backArmholeMm": 262.9,
        "dartWidthsMm": [],
        "frontArmholeMm": 0,
        "heightMm": 668,
        "name": "Costas",
        "perimeterMm": 1907.7,
        "shoulderMm": 131.6,
        "sideSeamMm": 427.6,
        "widthMm": 344.5,
      },
    ],
    "template": "bodice-block",
    "version": "bodice-block@2",
  },
  {
    "fixture": "short-wide",
    "pieces": [
      {
        "areaMm2": 234029.7,
        "backArmholeMm": 0,
        "dartWidthsMm": [],
        "frontArmholeMm": 257.4,
        "heightMm": 783,
        "name": "Frente",
        "perimeterMm": 2103.3,
        "shoulderMm": 131.6,
        "sideSeamMm": 529.7,
        "widthMm": 352.4,
      },
      {
        "areaMm2": 247621.6,
        "backArmholeMm": 272.4,
        "dartWidthsMm": [],
        "frontArmholeMm": 0,
        "heightMm": 783,
        "name": "Costas",
        "perimeterMm": 2158.3,
        "shoulderMm": 131.6,
        "sideSeamMm": 535.9,
        "widthMm": 364.7,
      },
      {
        "areaMm2": 40575.4,
        "backArmholeMm": 0,
        "dartWidthsMm": [],
        "frontArmholeMm": 0,
        "heightMm": 160,
        "name": "Manga",
        "perimeterMm": 1001.8,
        "shoulderMm": 0,
        "sideSeamMm": 152.4,
        "widthMm": 444.4,
      },
    ],
    "template": "tshirt",
    "version": "tshirt@2",
  },
  {
    "fixture": "short-wide",
    "pieces": [
      {
        "areaMm2": 265531.9,
        "backArmholeMm": 0,
        "dartWidthsMm": [],
        "frontArmholeMm": 265,
        "heightMm": 843,
        "name": "Frente",
        "perimeterMm": 2250.8,
        "shoulderMm": 131.6,
        "sideSeamMm": 589.9,
        "widthMm": 378.2,
      },
      {
        "areaMm2": 282117.8,
        "backArmholeMm": 282.7,
        "dartWidthsMm": [],
        "frontArmholeMm": 0,
        "heightMm": 843,
        "name": "Costas",
        "perimeterMm": 2312.7,
        "shoulderMm": 131.6,
        "sideSeamMm": 596.5,
        "widthMm": 391.4,
      },
      {
        "areaMm2": 173653.3,
        "backArmholeMm": 0,
        "dartWidthsMm": [],
        "frontArmholeMm": 0,
        "heightMm": 507.6,
        "name": "Manga",
        "perimeterMm": 1588.7,
        "shoulderMm": 0,
        "sideSeamMm": 718.2,
        "widthMm": 484.4,
      },
    ],
    "template": "blouse",
    "version": "blouse@2",
  },
  {
    "fixture": "short-wide",
    "pieces": [
      {
        "areaMm2": 172008.2,
        "backArmholeMm": 0,
        "dartWidthsMm": [
          27.2,
        ],
        "frontArmholeMm": 0,
        "heightMm": 528.7,
        "name": "Frente",
        "perimeterMm": 1673.8,
        "shoulderMm": 0,
        "sideSeamMm": 539.2,
        "widthMm": 334.4,
      },
      {
        "areaMm2": 181105.5,
        "backArmholeMm": 0,
        "dartWidthsMm": [
          33.3,
        ],
        "frontArmholeMm": 0,
        "heightMm": 532.8,
        "name": "Costas",
        "perimeterMm": 1717.5,
        "shoulderMm": 0,
        "sideSeamMm": 534.7,
        "widthMm": 348.1,
      },
    ],
    "template": "straight-skirt",
    "version": "straight-skirt@2",
  },
  {
    "fixture": "short-wide",
    "pieces": [
      {
        "areaMm2": 118241.6,
        "backArmholeMm": 0,
        "dartWidthsMm": [
          27.2,
        ],
        "frontArmholeMm": 0,
        "heightMm": 358.5,
        "name": "Frente",
        "perimeterMm": 1361.2,
        "shoulderMm": 0,
        "sideSeamMm": 370,
        "widthMm": 354.5,
      },
      {
        "areaMm2": 125138.5,
        "backArmholeMm": 0,
        "dartWidthsMm": [
          33.3,
        ],
        "frontArmholeMm": 0,
        "heightMm": 362.6,
        "name": "Costas",
        "perimeterMm": 1406.1,
        "shoulderMm": 0,
        "sideSeamMm": 365.6,
        "widthMm": 369,
      },
    ],
    "template": "mini-skirt",
    "version": "mini-skirt@2",
  },
]
`;
