// Vitest Snapshot v1, https://vitest.dev/guide/snapshot.html

exports[`versioned parametric trouser drafting > matches golden geometry metrics for varied bodies 1`] = `
[
  {
    "fixture": "small",
    "pieces": [
      {
        "areaMm2": 171744,
        "backCrotchMm": 0,
        "dartWidthsMm": [
          18.9,
        ],
        "frontCrotchMm": 263.4,
        "heightMm": 954.8,
        "inseamMm": 718.6,
        "name": "Frente",
        "outseamMm": 961.3,
        "perimeterMm": 2265.5,
        "widthMm": 261,
      },
      {
        "areaMm2": 212079.1,
        "backCrotchMm": 297.7,
        "dartWidthsMm": [
          28.3,
        ],
        "frontCrotchMm": 0,
        "heightMm": 979.8,
        "inseamMm": 716.5,
        "name": "Costas",
        "outseamMm": 956.4,
        "perimeterMm": 2369.9,
        "widthMm": 282.5,
      },
    ],
    "template": "straight-pants@3",
  },
  {
    "fixture": "medium",
    "pieces": [
      {
        "areaMm2": 223798.6,
        "backCrotchMm": 0,
        "dartWidthsMm": [
          20,
        ],
        "frontCrotchMm": 291.4,
        "heightMm": 1041.6,
        "inseamMm": 784.8,
        "name": "Frente",
        "outseamMm": 1049.3,
        "perimeterMm": 2511.9,
        "widthMm": 310,
      },
      {
        "areaMm2": 276693.5,
        "backCrotchMm": 330.7,
        "dartWidthsMm": [
          33.6,
        ],
        "frontCrotchMm": 0,
        "heightMm": 1070.4,
        "inseamMm": 781.9,
        "name": "Costas",
        "outseamMm": 1043.3,
        "perimeterMm": 2636.8,
        "widthMm": 335.5,
      },
    ],
    "template": "straight-pants@3",
  },
  {
    "fixture": "large",
    "pieces": [
      {
        "areaMm2": 303801.1,
        "backCrotchMm": 0,
        "dartWidthsMm": [],
        "frontCrotchMm": 324.7,
        "heightMm": 1134.6,
        "inseamMm": 857.5,
        "name": "Frente",
        "outseamMm": 1141.6,
        "perimeterMm": 2821.6,
        "widthMm": 383.5,
      },
      {
        "areaMm2": 377921.5,
        "backCrotchMm": 372.8,
        "dartWidthsMm": [
          18,
        ],
        "frontCrotchMm": 0,
        "heightMm": 1170.3,
        "inseamMm": 852.8,
        "name": "Costas",
        "outseamMm": 1137.3,
        "perimeterMm": 2982.4,
        "widthMm": 423.5,
      },
    ],
    "template": "straight-pants@3",
  },
  {
    "fixture": "tall-narrow",
    "pieces": [
      {
        "areaMm2": 242481.1,
        "backCrotchMm": 0,
        "dartWidthsMm": [
          4.2,
        ],
        "frontCrotchMm": 331.8,
        "heightMm": 1227.6,
        "inseamMm": 921.2,
        "name": "Frente",
        "outseamMm": 1233.1,
        "perimeterMm": 2842.4,
        "widthMm": 285.5,
      },
      {
        "areaMm2": 299295.3,
        "backCrotchMm": 369.8,
        "dartWidthsMm": [
          18,
        ],
        "frontCrotchMm": 0,
        "heightMm": 1254.1,
        "inseamMm": 919.1,
        "name": "Costas",
        "outseamMm": 1228.8,
        "perimeterMm": 2963.3,
        "widthMm": 309,
      },
    ],
    "template": "straight-pants@3",
  },
  {
    "fixture": "short-wide",
    "pieces": [
      {
        "areaMm2": 260338.2,
        "backCrotchMm": 0,
        "dartWidthsMm": [
          20,
        ],
        "frontCrotchMm": 278.2,
        "heightMm": 917.6,
        "inseamMm": 700.4,
        "name": "Frente",
        "outseamMm": 931.4,
        "perimeterMm": 2422.7,
        "widthMm": 407.9,
      },
      {
        "areaMm2": 324809.2,
        "backCrotchMm": 327.7,
        "dartWidthsMm": [
          36,
        ],
        "frontCrotchMm": 0,
        "heightMm": 955.6,
        "inseamMm": 693.8,
        "name": "Costas",
        "outseamMm": 920.4,
        "perimeterMm": 2578.1,
        "widthMm": 441.6,
      },
    ],
    "template": "straight-pants@3",
  },
]
`;
